Endpoint allBinops( GET:) {int a = [int] (Binop ([int] 3) + ([int] 4));, int b = [int] (Binop ([int] 1) + ([float] 3.5));, int c = [int] (Binop ([float] 3.4) + ([float] 2.4));, int d = [int] (Binop ([float] 3.5) + ([int] 1));, string e = [string] (Binop ([string] "test") + ([string] " works"));, int f = [int] (Binop ([int] 2) - ([int] 5));, int g = [int] (Binop ([int] 4) - ([float] 1.4));, int h = [int] (Binop ([float] 2.5) - ([float] 2.2));, int i = [int] (Binop ([float] 2.6) - ([int] 1));, int j = [int] (Binop ([int] 1) * ([int] 5));, int k = [int] (Binop ([int] 4) * ([float] 1.3));, int l = [int] (Binop ([float] 1.5) * ([float] 14.5));, int m = [int] (Binop ([float] 1.6) * ([int] 1));, int n = [int] (Binop ([int] 5) / ([int] 2));, int o = [int] (Binop ([int] 10) / ([float] 2.5));, int p = [int] (Binop ([float] 6.6) / ([float] 3.1));, int q = [int] (Binop ([float] 5.5) / ([int] 2));}
